----------------------------------------------------------------------------------
Julio Collado		CSC133-01		Lab5acct.cpp		10/26/2017
----------------------------------------------------------------------------------
                                                   

 * THE MCC BANK STATEMENT * 
----------------------------------------------
Opening Balance		= 1224.56		
----------------------------------------------
				  New Balance 
Deposit			= 420.32     1644.88
Withdrawal		=   3.54     1641.34
Withdrawal		=  87.56     1553.78
Deposit			= 500.00     2053.78
Withdrawal		=  87.25     1966.53
Deposit			= 225.75     2192.28
Withdrawal		=  72.72     2119.56
Withdrawal		=  33.67     2085.89
Withdrawal		= 100.10     1985.79
Deposit			=  50.50     2036.29
Withdrawal		=  99.99     1936.30
Withdrawal		=  19.99     1916.31
----------------------------------------------
Closing Balance		= 1916.31		
----------------------------------------------
There are 12 transactions in this statement.
